[
  {
    "commits": 4,
    "email": "john@doe.org",
    "name": "John Doe",
    "insertions": 16,
    "deletions": 17
  },
  {
    "commits": 2,
    "email": "john@doe.com",
    "name": "John Doe1",
    "insertions": 12,
    "deletions": 0
  },
  {
    "commits": 2,
    "email": "john@doe.com",
    "name": "John Doe2",
    "insertions": 12,
    "deletions": 0
  },
  {
    "commits": 2,
    "email": "john@doe.com",
    "name": "John Doe3",
    "insertions": 12,
    "deletions": 0
  }
]
