[
  {
    "commits": 3,
    "name": "John Doe",
    "email": "john@doe.com",
    "percent": 100
  }
]
