[
  {
    "commits": 1,
    "email": "john@doe.org",
    "name": "John Doe",
    "percent": 100
  }
]
